0 True 3.413 [371.46  65.6   91.5  297.5  255.   315.69 126.54  87.81 273.95  76.  ]
1 True 0.02511 [375.04  65.6   91.86 299.41 254.27 317.73 128.63  89.41 276.04  77.29]
2 True 3.413 [371.46  65.6   92.   297.31 256.58 318.15 126.54  88.53 273.95  74.15]
3 True 3.413 [371.46  65.6   91.87 297.99 255.09 314.23 126.54  86.36 273.95  73.91]
4 True 3.413 [371.46  65.6   92.54 296.01 255.44 318.31 126.54  87.21 273.95  74.29]
5 True 3.413 [371.46  65.6   92.71 299.   256.75 314.   126.54  86.11 273.95  76.03]
6 True 3.413 [371.46  65.6   92.63 298.34 257.05 318.49 126.54  88.61 273.95  77.27]
7 True 3.413 [371.46  65.6   91.93 296.97 253.69 317.68 126.54  88.15 273.95  74.2 ]
8 True 0.00738 [375.06  65.6   92.89 302.15 255.09 315.34 127.51  88.51 274.72  74.65]
9 True 3.413 [371.46  65.6   91.9  298.27 253.35 315.43 126.54  87.12 273.95  76.14]
10 True 3.413 [371.46  65.6   91.54 299.16 255.86 314.   126.54  86.12 273.95  76.27]
11 True 0.0354 [375.03  65.6   90.95 297.21 254.89 314.05 127.76  87.94 276.19  77.98]
12 True 3.413 [371.46  65.6   91.95 295.95 257.   315.83 126.54  87.94 273.95  73.36]
13 True 3.413 [371.46  65.6   91.29 294.69 254.34 315.71 126.54  86.6  273.95  78.33]
14 True 3.413 [371.46  65.6   91.88 298.95 254.36 318.36 126.54  86.98 273.95  75.62]
15 True -0.0 [375.02  65.6   99.12 296.32 264.03 294.11 123.13  91.89 273.74  85.06]
16 False -9.96129 [378.55  65.6  102.55 291.72 250.59 319.84 127.89  89.18 279.16  77.28]
17 False -24.88146 [379.54  65.6   91.89 308.78 243.74 287.04 127.72  90.56 258.41  99.53]
18 False -11.77466 [366.55  65.6  104.54 290.93 262.4  288.84 126.57  89.62 258.79  82.51]
19 False -18.73729 [363.11  65.6   91.42 287.53 265.97 285.25 131.56  87.99 258.11  94.94]
SELECTED {'meanwell': {'translation_mm': [371.5, 65.6, 0], 'rotation_z_deg': 180, 'mount_points_panel_xy_mm': [[400.0, 323.4], [400.0, 71.39999999999999], [343.0, 323.4], [343.0, 71.39999999999999]]}, 'bedrock': {'translation_mm': [92.0, 297.0, 0], 'rotation_z_deg': 0, 'mount_points_panel_xy_mm': [[16.0, 215.0], [16.0, 379.0], [168.0, 215.0], [168.0, 379.0]]}, 'b210': {'translation_mm': [254.0, 318.0, 0], 'rotation_z_deg': 180, 'mount_points_panel_xy_mm': [[322.0, 378.0075], [322.0, 257.9925], [186.0, 378.0075], [186.0, 257.9925]]}, 'peplink': {'translation_mm': [126.5, 89.0, 6], 'rotation_z_deg': 0, 'mount_points_panel_xy_mm': [[45.599999999999994, 47.65], [45.599999999999994, 130.35], [207.4, 47.65], [207.4, 130.35]]}, 'oz': {'translation_mm': [274.0, 76.0, 0], 'rotation_z_deg': 0, 'mount_points_panel_xy_mm': [[220.9, 34.2], [220.9, 130.2], [327.1, 34.2], [327.1, 130.2]]}}
LIMITING [('Peplink conservative complete envelope factory socket 1', 3.374999999999993), ('PSU device/terminals factory socket 3', 3.3785540780552026), ('OZ complete envelope / PSU lower tab', 3.3999999999999773), ('OZ complete envelope / Peplink conservative complete envelope', 3.5), ('peplink component socket 3 / OZ complete envelope', 3.5), ('peplink component socket 4 / OZ complete envelope', 3.5), ('oz component socket 1 / Peplink conservative complete envelope', 3.5), ('oz component socket 2 / Peplink conservative complete envelope', 3.5), ('Peplink upper coax/SIM 40 mm / Bedrock device', 3.569988589700017), ('B210 adapter / Bedrock adapter', 4.0), ('B210 RF cable envelope / Peplink conservative complete envelope', 4.569988589700017), ('Bedrock adapter factory socket 2', 5.574999999999989)] [('PSU exhaust 100 mm case wall', 1.294999999999959), ('PSU intake 100 mm case wall', 1.2949999999999946), ('Bedrock SMA 50 mm factory nut 2', 2.3134999999999994), ('OZ lower fiber/DE9 40 mm case wall', 2.645000000000003), ('Peplink lower cable 40 mm case wall', 2.8954271387999952), ('OZ complete envelope panel edge', 4.950000000000003), ('Peplink conservative complete envelope panel edge', 5.200427138799995), ('Bedrock adapter panel edge', 7.0)]
